node : INIT: PersistentVisumController initialized
At line:1 char:47
+ ... export-visible-tables.json | node build/index.js 2>errors.txt | Conve ...
+                                  ~~~~~~~~~~~~~~~~~~~~~~~~~~~~~~~~
    + CategoryInfo          : NotSpecified: (INIT: Persisten...ler initialized:String) [], RemoteException
    + FullyQualifiedErrorId : NativeCommandError
 
INIT: Project Instance Manager initialized
INFO: Initializing Sequential Thinking MCP Server with VisumPy Integration...
LOADED: thinking state: 3 steps
Ô£à Storage and thinking state initialized
STARTED: Sequential Thinking MCP Server with VisumPy Integration running on stdio
TOOLS Available Tools:
   THINKING Tools:
   ÔÇó sequential_thinking - Step-by-step reasoning
   ÔÇó reset_thinking - Clear thinking state
   ÔÇó get_thinking_summary - View current progress
   DIAGNOSTIC Tools (NEW - ERROR PREVENTION):
   ÔÇó instance_diagnosis - ­ƒöº Diagnose existing instances instead of creating new ones
   ÔÇó instance_cleanup - ­ƒº╣ Clean up problematic instances safely
   PROJECT Tools (TCP SERVERS):
   ÔÇó project_open - ­ƒÜÇ DEFAULT: Open projects (with pre-flight checks)
   ÔÇó project_save - Save project via TCP server
   ÔÇó project_close - Close project TCP server
   ÔÇó project_execute - Execute commands via TCP
   ÔÇó project_status - View all active TCP servers
   PROJECT-SPECIFIC Instance Tools:
   ÔÇó project_start_instance - Start dedicated project instance
   ÔÇó project_execute_analysis - Execute ultra-fast analysis
   ÔÇó project_instances_status - View all active instances
   ÔÇó project_health_check - Check project instance health
   ÔÇó project_shutdown_instance - Shutdown specific instance
   ÔÜá´©Å  IMPORTANT: Run 'instance_diagnosis' FIRST when encountering errors!
